bchb8r CharterBT-Bold " TeXBase1Encoding ReEncodeFont " <8r.enc <bchb8a.pfb
bchbi8r CharterBT-BoldItalic " TeXBase1Encoding ReEncodeFont " <8r.enc <bchbi8a.pfb
bchbo8r CharterBT-Bold " .167 SlantFont TeXBase1Encoding ReEncodeFont " <8r.enc <bchb8a.pfb
bchr8r CharterBT-Roman " TeXBase1Encoding ReEncodeFont " <8r.enc <bchr8a.pfb
bchri8r CharterBT-Italic " TeXBase1Encoding ReEncodeFont " <8r.enc <bchri8a.pfb
bchro8r CharterBT-Roman " .167 SlantFont TeXBase1Encoding ReEncodeFont " <8r.enc <bchr8a.pfb
pagd8r AvantGarde-Demi " TeXBase1Encoding ReEncodeFont " <8r.enc
pagdo8r AvantGarde-DemiOblique " TeXBase1Encoding ReEncodeFont " <8r.enc
pagk8r AvantGarde-Book " TeXBase1Encoding ReEncodeFont " <8r.enc
pagko8r AvantGarde-BookOblique " TeXBase1Encoding ReEncodeFont " <8r.enc
pbkd8r Bookman-Demi " TeXBase1Encoding ReEncodeFont " <8r.enc
pbkdi8r Bookman-DemiItalic " TeXBase1Encoding ReEncodeFont " <8r.enc
pbkdo8r Bookman-Demi " .167 SlantFont TeXBase1Encoding ReEncodeFont " <8r.enc
pbkl8r Bookman-Light " TeXBase1Encoding ReEncodeFont " <8r.enc
pbkli8r Bookman-LightItalic " TeXBase1Encoding ReEncodeFont " <8r.enc
pbklo8r Bookman-Light " .167 SlantFont TeXBase1Encoding ReEncodeFont " <8r.enc
pcrb8r Courier-Bold " TeXBase1Encoding ReEncodeFont " <8r.enc
pcrbo8r Courier-BoldOblique " TeXBase1Encoding ReEncodeFont " <8r.enc
pcrr8r Courier " TeXBase1Encoding ReEncodeFont " <8r.enc
pcrr8rn Courier " .85 ExtendFont TeXBase1Encoding ReEncodeFont " <8r.enc
pcrro8r Courier-Oblique " TeXBase1Encoding ReEncodeFont " <8r.enc
phvb8r Helvetica-Bold " TeXBase1Encoding ReEncodeFont " <8r.enc
phvb8rn Helvetica-Narrow-Bold " TeXBase1Encoding ReEncodeFont " <8r.enc
phvbo8r Helvetica-BoldOblique " TeXBase1Encoding ReEncodeFont " <8r.enc
phvbo8rn Helvetica-Narrow-BoldOblique " TeXBase1Encoding ReEncodeFont " <8r.enc
phvbon8r Helvetica-BoldOblique " .82 ExtendFont TeXBase1Encoding ReEncodeFont " <8r.enc
phvbrn8r Helvetica-Bold " .82 ExtendFont TeXBase1Encoding ReEncodeFont " <8r.enc
phvr8r Helvetica " TeXBase1Encoding ReEncodeFont " <8r.enc
phvr8rn Helvetica-Narrow " TeXBase1Encoding ReEncodeFont " <8r.enc
phvro8r Helvetica-Oblique " TeXBase1Encoding ReEncodeFont " <8r.enc
phvro8rn Helvetica-Narrow-Oblique " TeXBase1Encoding ReEncodeFont " <8r.enc
phvron8r Helvetica-Oblique " .82 ExtendFont TeXBase1Encoding ReEncodeFont " <8r.enc
phvrrn8r Helvetica " .82 ExtendFont TeXBase1Encoding ReEncodeFont " <8r.enc
pncb8r NewCenturySchlbk-Bold " TeXBase1Encoding ReEncodeFont " <8r.enc
pncbi8r NewCenturySchlbk-BoldItalic " TeXBase1Encoding ReEncodeFont " <8r.enc
pncbo8r NewCenturySchlbk-Bold " .167 SlantFont TeXBase1Encoding ReEncodeFont " <8r.enc
pncr8r NewCenturySchlbk-Roman " TeXBase1Encoding ReEncodeFont " <8r.enc
pncri8r NewCenturySchlbk-Italic " TeXBase1Encoding ReEncodeFont " <8r.enc
pncro8r NewCenturySchlbk-Roman " .167 SlantFont TeXBase1Encoding ReEncodeFont " <8r.enc
pplb8r Palatino-Bold " TeXBase1Encoding ReEncodeFont " <8r.enc
pplbi8r Palatino-BoldItalic " TeXBase1Encoding ReEncodeFont " <8r.enc
pplbo8r Palatino-Bold " .167 SlantFont TeXBase1Encoding ReEncodeFont " <8r.enc
pplbu8r Palatino-BoldItalic " -.1763 SlantFont TeXBase1Encoding ReEncodeFont " <8r.enc
pplr8r Palatino-Roman " TeXBase1Encoding ReEncodeFont " <8r.enc
pplri8r Palatino-Italic " TeXBase1Encoding ReEncodeFont " <8r.enc
pplro8r Palatino-Roman " .167 SlantFont TeXBase1Encoding ReEncodeFont " <8r.enc
pplrre8r Palatino-Roman " 1.2 ExtendFont TeXBase1Encoding ReEncodeFont " <8r.enc
pplrrn8r Palatino-Roman " .82 ExtendFont TeXBase1Encoding ReEncodeFont " <8r.enc
pplru8r Palatino-Italic " -.1763 SlantFont TeXBase1Encoding ReEncodeFont " <8r.enc
psyr Symbol
psyro Symbol " .167 SlantFont "
ptmb8r Times-Bold " TeXBase1Encoding ReEncodeFont " <8r.enc
ptmbi8r Times-BoldItalic " TeXBase1Encoding ReEncodeFont " <8r.enc
ptmbo8r Times-Bold " .167 SlantFont TeXBase1Encoding ReEncodeFont " <8r.enc
ptmr8r Times-Roman " TeXBase1Encoding ReEncodeFont " <8r.enc
ptmri8r Times-Italic " TeXBase1Encoding ReEncodeFont " <8r.enc
ptmro8r Times-Roman " .167 SlantFont TeXBase1Encoding ReEncodeFont " <8r.enc
ptmrre8r Times-Roman " 1.2 ExtendFont TeXBase1Encoding ReEncodeFont " <8r.enc
ptmrrn8r Times-Roman " .82 ExtendFont TeXBase1Encoding ReEncodeFont " <8r.enc
putb8r Utopia-Bold " TeXBase1Encoding ReEncodeFont " <8r.enc <putb8a.pfb
putbi8r Utopia-BoldItalic " TeXBase1Encoding ReEncodeFont " <8r.enc <putbi8a.pfb
putbo8r Utopia-Bold " .167 SlantFont TeXBase1Encoding ReEncodeFont " <8r.enc <putb8a.pfb
putr8r Utopia-Regular " TeXBase1Encoding ReEncodeFont " <8r.enc <putr8a.pfb
putri8r Utopia-Italic " TeXBase1Encoding ReEncodeFont " <8r.enc <putri8a.pfb
putro8r Utopia-Regular " .167 SlantFont TeXBase1Encoding ReEncodeFont " <8r.enc <putr8a.pfb
pzcmi8r ZapfChancery-MediumItalic " TeXBase1Encoding ReEncodeFont " <8r.enc
pzdr ZapfDingbats
uaqr8rc URWAntiquaT-RegularCondensed " TeXBase1Encoding ReEncodeFont " <8r.enc <uaqr8ac.pfb
uaqro8rc URWAntiquaT-RegularCondensed " .167 SlantFont TeXBase1Encoding ReEncodeFont " <8r.enc <uaqr8ac.pfb
ugqb8r URWGroteskT-Bold " TeXBase1Encoding ReEncodeFont " <8r.enc <ugqb8a.pfb
ugqbo8r URWGroteskT-Bold " .167 SlantFont TeXBase1Encoding ReEncodeFont " <8r.enc <ugqb8a.pfb
unmr8r NimbusRomanNo9L-Regular " TeXBase1Encoding ReEncodeFont " <8r.enc <unmr8a.pfb
unmro8r NimbusRomanNo9L-Regular " .167 SlantFont TeXBase1Encoding ReEncodeFont " <8r.enc <unmr8a.pfb
unmros8r NimbusSansL-Regular " .167 SlantFont TeXBase1Encoding ReEncodeFont " <8r.enc <unmrs8a.pfb
unmrs8r NimbusSansL-Regular " TeXBase1Encoding ReEncodeFont " <8r.enc <unmrs8a.pfb
xyatip10 XYATIP10 <xyatip10.pfa
xybsql10 XYBSQL10 <xybsql10.pfa
xybtip10 XYBTIP10 <xybtip10.pfa
xycirc10 XYCIRC10 <xycirc10.pfa
xycmat10 XYCMAT10 <xycmat10.pfa
xycmat11 XYCMAT10 "1.1 ExtendFont" <xycmat10.pfa
xycmat12 XYCMAT10 "1.2 ExtendFont" <xycmat10.pfa
xycmbt10 XYCMBT10 <xycmbt10.pfa
xycmbt11 XYCMBT10 "1.1 ExtendFont" <xycmbt10.pfa
xycmbt12 XYCMBT10 "1.2 ExtendFont" <xycmbt10.pfa
xydash10 XYDASH10 <xydash10.pfa
xyeuat10 XYEUAT10 <xyeuat10.pfa
xyeuat11 XYEUAT10 "1.1 ExtendFont" <xyeuat10.pfa
xyeuat12 XYEUAT10 "1.2 ExtendFont" <xyeuat10.pfa
xyeubt10 XYEUBT10 <xyeubt10.pfa
xyeubt11 XYEUBT10 "1.1 ExtendFont" <xyeubt10.pfa
xyeubt12 XYEUBT10 "1.2 ExtendFont" <xyeubt10.pfa

cmb10		CMB10		<cmb10.pfb
cmbsy10		CMBSY10		<cmbsy10.pfb
cmbx10		CMBX10		<cmbx10.pfb
cmbx12		CMBX12		<cmbx12.pfb
cmbx5		CMBX5		<cmbx5.pfb
cmbx6		CMBX6		<cmbx6.pfb
cmbx7		CMBX7		<cmbx7.pfb
cmbx8		CMBX8		<cmbx8.pfb
cmbx9		CMBX9		<cmbx9.pfb
cmbxsl10	CMBXSL10	<cmbxsl10.pfb
cmbxti10	CMBXTI10	<cmbxti10.pfb
cmcsc10		CMCSC10		<cmcsc10.pfb
cmdunh10	CMDUNH10	<cmdunh10.pfb
cmex10		CMEX10		<cmex10.pfb
cmexnews	CMEXNEWS	<cmexnews.pfb
cmff10		CMFF10		<cmff10.pfb
cmfi10		CMFI10		<cmfi10.pfb
cmfib8		CMFIB8		<cmfib8.pfb
cminch		CMINCH		<cminch.pfb
cmitt10		CMITT10		<cmitt10.pfb
cmmi10		CMMI10		<cmmi10.pfb
cmmi12		CMMI12		<cmmi12.pfb
cmmi5		CMMI5		<cmmi5.pfb
cmmi6		CMMI6		<cmmi6.pfb
cmmi7		CMMI7		<cmmi7.pfb
cmmi8		CMMI8		<cmmi8.pfb
cmmi9		CMMI9		<cmmi9.pfb
cmmib10		CMMIB10		<cmmib10.pfb
cmr10		CMR10		<cmr10.pfb
cmr12		CMR12		<cmr12.pfb
cmr17		CMR17		<cmr17.pfb
cmr5		CMR5		<cmr5.pfb
cmr6		CMR6		<cmr6.pfb
cmr7		CMR7		<cmr7.pfb
cmr8		CMR8		<cmr8.pfb
cmr9		CMR9		<cmr9.pfb
cmsl10		CMSL10		<cmsl10.pfb
cmsl12		CMSL12		<cmsl12.pfb
cmsl8		CMSL8		<cmsl8.pfb
cmsl9		CMSL9		<cmsl9.pfb
cmsltt10	CMSLTT10	<cmsltt10.pfb
cmss10		CMSS10		<cmss10.pfb
cmss12		CMSS12		<cmss12.pfb
cmss17		CMSS17		<cmss17.pfb
cmss8		CMSS8		<cmss8.pfb
cmss9		CMSS9		<cmss9.pfb
cmssbx10	CMSSBX10	<cmssbx10.pfb
cmssdc10	CMSSDC10	<cmssdc10.pfb
cmssi10		CMSSI10		<cmssi10.pfb
cmssi12		CMSSI12		<cmssi12.pfb
cmssi17		CMSSI17		<cmssi17.pfb
cmssi8		CMSSI8		<cmssi8.pfb
cmssi9		CMSSI9		<cmssi9.pfb
cmssq8		CMSSQ8		<cmssq8.pfb
cmssqi8		CMSSQI8		<cmssqi8.pfb
cmsy10		CMSY10		<cmsy10.pfb
cmsy5		CMSY5		<cmsy5.pfb
cmsy6		CMSY6		<cmsy6.pfb
cmsy7		CMSY7		<cmsy7.pfb
cmsy8		CMSY8		<cmsy8.pfb
cmsy9		CMSY9		<cmsy9.pfb
cmtcsc10	CMTCSC10	<cmtcsc10.pfb
cmtex10		CMTEX10		<cmtex10.pfb
cmtex8		CMTEX8		<cmtex8.pfb
cmtex9		CMTEX9		<cmtex9.pfb
cmti10		CMTI10		<cmti10.pfb
cmti12		CMTI12		<cmti12.pfb
cmti7		CMTI7		<cmti7.pfb
cmti8		CMTI8		<cmti8.pfb
cmti9		CMTI9		<cmti9.pfb
cmtt10		CMTT10		<cmtt10.pfb
cmtt12		CMTT12		<cmtt12.pfb
cmtt8		CMTT8		<cmtt8.pfb
cmtt9		CMTT9		<cmtt9.pfb
cmu10		CMU10		<cmu10.pfb
cmvtt10		CMVTT10		<cmvtt10.pfb

